<!DOCTYPE html>
<html lang="en">
<head>
  <title>T11</title>
  <meta charset="UTF-8">
  <meta name="viewport" content="width=device-width, initial-scale=1.0">
  
  <!-- stylesheets *******************************************-->
  <link rel="stylesheet" href="/css/style.css">
</head>

<!--*************************************************************
  BODY
**************************************************************-->
<body>
  <h1>T11 - Testing Expected Values</h1>
  <p>Open the console <code>(Ctrl-shift-i)</code> to see the messages.</p>
  <button type="button" onclick="start()">Start</button>
  <script src="../t10_activate_via_button.js"></script>
  <p>Nothing to see here. Test your code from the last task.
</body>
</html>
<!--*************************************************************
  END OF T11_TESTING_EXPECTED.HTML
**************************************************************-->